../Core/Src/main.c:83:6:HAL_GPIO_EXTI_Callback	16	static
../Core/Src/main.c:94:6:HAL_DFSDM_FilterRegConvCpltCallback	24	static
../Core/Src/main.c:110:6:HAL_TIM_PeriodElapsedCallback	16	static
../Core/Src/main.c:124:5:main	40	static
../Core/Src/main.c:240:6:SystemClock_Config	96	static
../Core/Src/main.c:291:13:MX_DAC1_Init	48	static
../Core/Src/main.c:335:13:MX_DFSDM1_Init	8	static
../Core/Src/main.c:388:13:MX_TIM2_Init	40	static
../Core/Src/main.c:433:13:MX_TIM3_Init	40	static
../Core/Src/main.c:476:13:MX_DMA_Init	16	static
../Core/Src/main.c:498:13:MX_GPIO_Init	48	static
../Core/Src/main.c:542:6:Error_Handler	4	static,ignoring_inline_asm
