../Core/Src/main.c:83:6:HAL_GPIO_EXTI_Callback	16	static
../Core/Src/main.c:92:6:HAL_DFSDM_FilterRegConvCpltCallback	24	static
../Core/Src/main.c:108:6:HAL_TIM_PeriodElapsedCallback	16	static
../Core/Src/main.c:123:5:main	40	static
../Core/Src/main.c:239:6:SystemClock_Config	96	static
../Core/Src/main.c:290:13:MX_DAC1_Init	48	static
../Core/Src/main.c:334:13:MX_DFSDM1_Init	8	static
../Core/Src/main.c:387:13:MX_TIM2_Init	40	static
../Core/Src/main.c:432:13:MX_TIM3_Init	40	static
../Core/Src/main.c:475:13:MX_DMA_Init	16	static
../Core/Src/main.c:497:13:MX_GPIO_Init	48	static
../Core/Src/main.c:541:6:Error_Handler	4	static,ignoring_inline_asm
